2026-08-08 19:28:58.390 -03:00 [ERR] Failed executing DbCommand (43ms) [Parameters=[], CommandType='"Text"', CommandTimeout='30']
SELECT "MigrationId", "ProductVersion"
FROM "__EFMigrationsHistory"
ORDER BY "MigrationId";
2026-08-08 19:28:59.160 -03:00 [INF] Executed DbCommand (345ms) [Parameters=[], CommandType='"Text"', CommandTimeout='30']
CREATE TABLE IF NOT EXISTS "__EFMigrationsHistory" (
    "MigrationId" character varying(150) NOT NULL,
    "ProductVersion" character varying(32) NOT NULL,
    CONSTRAINT "PK___EFMigrationsHistory" PRIMARY KEY ("MigrationId")
);
2026-08-08 19:28:59.175 -03:00 [INF] Executed DbCommand (4ms) [Parameters=[], CommandType='"Text"', CommandTimeout='30']
LOCK TABLE "__EFMigrationsHistory" IN ACCESS EXCLUSIVE MODE
2026-08-08 19:28:59.190 -03:00 [INF] Executed DbCommand (14ms) [Parameters=[], CommandType='"Text"', CommandTimeout='30']
SELECT "MigrationId", "ProductVersion"
FROM "__EFMigrationsHistory"
ORDER BY "MigrationId";
2026-08-08 19:28:59.247 -03:00 [INF] Executed DbCommand (24ms) [Parameters=[], CommandType='"Text"', CommandTimeout='30']
CREATE TABLE usuarios (
    id uuid NOT NULL,
    nome character varying(200) NOT NULL,
    email character varying(300) NOT NULL,
    whatsapp character varying(20) NOT NULL,
    senha_hash character varying(500) NOT NULL,
    ativo boolean NOT NULL,
    contato_emergencia_nome character varying(200) NOT NULL,
    contato_emergencia_email character varying(300) NOT NULL,
    contato_emergencia_whatsapp character varying(20) NOT NULL,
    criado_em timestamp with time zone NOT NULL,
    atualizado_em timestamp with time zone NOT NULL,
    CONSTRAINT "PK_usuarios" PRIMARY KEY (id)
);
2026-08-08 19:28:59.278 -03:00 [INF] Executed DbCommand (30ms) [Parameters=[], CommandType='"Text"', CommandTimeout='30']
CREATE TABLE sessoes_login (
    id uuid NOT NULL,
    usuario_id uuid NOT NULL,
    token character varying(2000) NOT NULL,
    criado_em timestamp with time zone NOT NULL,
    expira_em timestamp with time zone NOT NULL,
    ativo boolean NOT NULL,
    CONSTRAINT "PK_sessoes_login" PRIMARY KEY (id),
    CONSTRAINT "FK_sessoes_login_usuarios_usuario_id" FOREIGN KEY (usuario_id) REFERENCES usuarios (id) ON DELETE CASCADE
);
2026-08-08 19:28:59.287 -03:00 [INF] Executed DbCommand (8ms) [Parameters=[], CommandType='"Text"', CommandTimeout='30']
CREATE INDEX ix_sessoes_token ON sessoes_login (token);
2026-08-08 19:28:59.294 -03:00 [INF] Executed DbCommand (7ms) [Parameters=[], CommandType='"Text"', CommandTimeout='30']
CREATE INDEX ix_sessoes_usuario_id ON sessoes_login (usuario_id);
2026-08-08 19:28:59.296 -03:00 [INF] Executed DbCommand (2ms) [Parameters=[], CommandType='"Text"', CommandTimeout='30']
CREATE UNIQUE INDEX ix_usuarios_email ON usuarios (email);
2026-08-08 19:28:59.298 -03:00 [INF] Executed DbCommand (2ms) [Parameters=[], CommandType='"Text"', CommandTimeout='30']
INSERT INTO "__EFMigrationsHistory" ("MigrationId", "ProductVersion")
VALUES ('20260808222629_Inicial', '9.0.5');
2026-08-08 20:43:36.833 -03:00 [INF] Now listening on: http://localhost:5182
2026-08-08 20:43:36.885 -03:00 [INF] Application started. Press Ctrl+C to shut down.
2026-08-08 20:43:36.886 -03:00 [INF] Hosting environment: Development
2026-08-08 20:43:36.886 -03:00 [INF] Content root path: C:\Dev\ProvaVida\src\ProvaVida.Api
